repo是管理这个项目，每一个repo下有多个.git，查看哪些.git文件在，在当前有.git才能使用git指令
.repo/mainfests/rk3288_android5.1.xml(清单文件，配置一些上传信息)

(1)提交信息
    1..repo/repo/repo start [branchnewname] --all  //创建分支
    创建本地分支（这一步是必须的，否则每次同步都会冲掉本地的提交）
   	注意：1.repo start <branch name> (brance name 任意，推荐和上面-b参数指定的branch name一致)
           如出现错误：
           error: at least one project must be specified
           运行
           repo start <branch name> (brance name 任意，推荐和上面-b参数指定的branch name一致) --all
    
    2.检查分支是否创建成功： 
    			.repo/repo/repo status
    
    3.查看当前所有工程分支：
    			.repo/repo/repo branch
    			
    repo forall -c git指令  -->为工程里每一个git仓执行相同的git命令//repo forall -c 'git fetch rk'
    
    			
    2..repo/repo/repo checkout vr-text//切换到自定义的分支
      注意：可能会出现这个问题：error: Your local changes to the following files would be overwritten by checkout:
            uboot.txt
            Please, commit your changes or stash them before you can switch branches.
            Aborting
            主要原因是：当前分支修改的信息没有提交到服务端，不允许你切换分支！要提交完毕，才能切换成另一个分支
      总结：切换分支前，最好保证当前分支的信息已经提交，在切换当前分支，不然
      
    3.在当前的修改的目录下，git add //把文件提交到暂存区，
                       git add . ，Git会递归地将你执行命令时所在的目录中的所有文件添加上去
                       git add -u，使用-u参数调用了git add命令，会将本地有改动（包括删除和修改）
                       的已经追踪的文件标记到暂存区中
                       git add -A，使用-A参数会将添加所有改动的已跟踪文件和未跟踪文件
                       
    4.使用git commit提交更改
　　       如果直接运行 git commit (-a) 则会默认使用 vi 添加描述。也可以使用 git config --global core.editor 命令更改为你喜欢的编辑器。
           还有一个方法就是使用 -m 选项直接添加提交信息。
           $git commit -a -m "commit info"  //提交提示信息


		1.同步整个工程
  					repo sync
		2.同步指定工程：
 						repo sync project1 project2…
  		解决同步 sync 冲突问题：
			sync 有可能出现提示冲突，并提示使用
			“ git rebase --abort”，
			“ git rebase --continue”，
			“ git rebase
			--skip”等 3 个命令解决冲突。
			如果您知道如何解决冲突，使用如下命令：
			a) 手工编辑 conflicts（即提示冲突）的文件，并使用：
				vim some_comflict_file
				git add some_conflict_file
			b) 解决所有冲突后，执行：
				git commit
				git rebase \\continue
			如果不知道如何解决，请先使用如下命令：
			a) 退出 rebase 状态：
				git rebase \\abort
			b) 手工去相应工程用 git 命令合并。
			
			c)删除本地分支，强制删除用-D
				$ git branch -d branchName
				
			d)repo abandon <分支名>删除分支 repo分支
(2）本地分支提交给本地另一个分支：
			在本地 master 分支上做了一个commit ( 38361a68138140827b31b72f8bbfd88b3705d77a ) ， 如何把它放到 本地 old_cc 分支上
			例如：
      $ git checkout old_cc //先切换到位置（放到哪的分支）
      $ git cherry-pick 38361a68     # 这个 38361a68 号码，位于：//使用cherry-pick +commit编号 
      
      切换到master分支：$git checkout master
			更新mybranch分支上的东西到master上：$git rebase mybranch
      
      创建并切换分支： $ git checkout -b mybranch
 
      $ git log //查看日志
      commit 38361a68138140827b31b72f8bbfd88b3705d77a 
      Author: Siwei Shen <siwei.shen@focusbeijing.com>
      Date:   Sat Dec 10 00:09:44 2011 +0800

			1. 如果顺利，就会正常提交。结果：
			Finished one cherry-pick.
			# On branch old_cc
			# Your branch is ahead of 'origin/old_cc' by 3 commits.
（3）回复到某个版本
		reset命令有3种方式：
   1：git reset --mixed：此为默认方式，不带任何参数的git reset，即时这种方式，它回退到某个版本，只保留源码，回退commit和index信息//需要再git add 和git commit
   2：git reset --soft：回退到某个版本，只回退了commit的信息，不会恢复到index file一级。如果还要提交，直接commit即可
   3：git reset --hard：彻底回退到某个版本，本地的源码也会变为上一个版本的内容
   
   #回退所有内容到上一个版本 
   git reset HEAD^ 
   #回退a.py这个文件的版本到上一个版本 
   git reset HEAD^ a.py 
   #向前回退到第3个版本 
   git reset --soft HEAD~3 
   #将本地的状态回退到和远程的一样 
   git reset --hard origin/master 
   #回退到某个版本 
   (回退某个版本，这个版本是回到之前的内容，但是时间显示以当前的时间为主，注意不要以时间作为回退的标志，可以看git log和git status进行查看，是否有回到之前的默认位置)
   git reset 057d 
   #回退到上一次提交的状态，按照某一次的commit完全反向的进行一次commit 
   git revert HEAD 
   git checkout . #本地所有修改的。没有的提交的，都返回到原来的状态
   git stash #把所有没有提交的修改暂存到stash里面。可用git stash pop回复。
   
   git rm -r 文件名 删除文件
   
   常见错误提示
   $ git commit
    error: invalid object 100644 13da9eeff5a9150cf2135aaed4d2e337f97b8114 for 'spec/routing/splits_routing_spec.rb'
    error: Error building trees
    解决方法：'spec/routing/splits_routing_spec.rb'把对应的文件剪切到另一个文件，再重新拷贝到spec/routing/下，在重新git commit就不会出现那个问题
    
    解决两个分支冲突：
    git merge test2.x
    Automatic merge failed; fix conflicts and then commit the result.//自动合并失败，需要手动解决冲突事件
    修改冲突的文件后，git add 文件 然后，git commit
    
    
    
    